Microchip MPLAB XC8 Compiler V2.31

Linker command line:

-W-3 --edf=C:\Program Files\Microchip\xc8\v2.31\pic\dat\en_msgs.txt -cn \
  -h+dist/default/production\MPLABPruebas.production.sym \
  --cmf=dist/default/production\MPLABPruebas.production.cmf -z -Q16F887 \
  -oC:\Users\emime\AppData\Local\Temp\s9s4.3 --defsym=__MPLAB_BUILD=1 \
  -Mdist/default/production/MPLABPruebas.production.map -E1 \
  -ver=XC8 Compiler --acfsm=1493 -ASTACK=0110h-016Fh -pstack=STACK \
  -ACODE=00h-07FFhx4 -ASTRCODE=00h-01FFFh -ASTRING=00h-0FFhx32 \
  -ACONST=00h-0FFhx32 -AENTRY=00h-0FFhx32 -ACOMMON=070h-07Fh \
  -ABANK0=020h-06Fh -ABANK1=0A0h-0EFh -ABANK2=0110h-016Fh \
  -ABANK3=0190h-01EFh -ARAM=020h-06Fh,0A0h-0EFh,0110h-016Fh,0190h-01EFh \
  -AABS1=020h-07Fh,0A0h-0EFh,0110h-016Fh,0190h-01EFh -ASFR0=00h-01Fh \
  -ASFR1=080h-09Fh -ASFR2=0100h-010Fh -ASFR3=0180h-018Fh \
  -ACONFIG=02007h-02008h -DCONFIG=2 -AIDLOC=02000h-02003h -DIDLOC=2 \
  -AEEDATA=00h-0FFh/02100h -peeprom_data=EEDATA -DEEDATA=2 -DCODE=2 \
  -DSTRCODE=2 -DSTRING=2 -DCONST=2 -DENTRY=2 \
  -preset_vec=00h,intentry,init,end_init -ppowerup=CODE -pcinit=CODE \
  -pfunctab=ENTRY -k C:\Users\emime\AppData\Local\Temp\s9s4.o \
  dist/default/production\MPLABPruebas.production.o 

Object code version is 3.11

Machine type is 16F887



                Name                               Link     Load   Length Selector   Space Scale
C:\Users\emime\AppData\Local\Temp\s9s4.o
                end_init                              0        0        3        0       0
                config                             2007     2007        2        0       4
dist/default/production\MPLABPruebas.production.o
                cinit                               7F8      7F8        8      FF0       0
                config                             2007     2007        2        0       4
                text18                              389      389       16      712       0
                text17                              3D3      3D3       22      7A6       0
                text16                              3B8      3B8       1B      770       0
                text15                              5F4      5F4       60      BE8       0
                text14                              39F      39F       19      73E       0
                text13                              55D      55D       3F      ABA       0
                text12                              3F5      3F5       22      7EA       0
                text11                              654      654       B4      CA8       0
                text10                              36F      36F        7      6DE       0
                text9                               376      376       13      6EC       0
                text8                               59C      59C       58      B38       0
                text7                               522      522       3B      A44       0
                text6                               417      417       25      82E       0
                text5                               43C      43C       2E      878       0
                text4                               46A      46A       2E      8D4       0
                text3                               498      498       2E      930       0
                text2                               4C6      4C6       2E      98C       0
                text1                               4F4      4F4       2E      9E8       0
                maintext                            708      708       F0      E10       0
                cstackBANK0                          20       20        D       20       1
                cstackCOMMON                         70       70        E       70       1
                bssBANK0                             2D       2D        2       20       1
                strings                               3        3       77        6       0

TOTAL           Name                               Link     Load   Length     Space
        CLASS   STACK          

        CLASS   CODE           
                end_init                              0        0        3         0
                cinit                               7F8      7F8        8         0
                text18                              389      389       16         0
                text17                              3D3      3D3       22         0
                text16                              3B8      3B8       1B         0
                text15                              5F4      5F4       60         0
                text14                              39F      39F       19         0
                text13                              55D      55D       3F         0
                text12                              3F5      3F5       22         0
                text11                              654      654       B4         0
                text10                              36F      36F        7         0
                text9                               376      376       13         0
                text8                               59C      59C       58         0
                text7                               522      522       3B         0
                text6                               417      417       25         0
                text5                               43C      43C       2E         0
                text4                               46A      46A       2E         0
                text3                               498      498       2E         0
                text2                               4C6      4C6       2E         0
                text1                               4F4      4F4       2E         0
                maintext                            708      708       F0         0

        CLASS   STRCODE        

        CLASS   STRING         
                strings                               3        3       77         0

        CLASS   CONST          

        CLASS   ENTRY          

        CLASS   COMMON         
                cstackCOMMON                         70       70        E         1

        CLASS   BANK0          
                cstackBANK0                          20       20        D         1
                bssBANK0                             2D       2D        2         1

        CLASS   BANK1          

        CLASS   BANK2          

        CLASS   BANK3          

        CLASS   RAM            

        CLASS   ABS1           
                abs_s1                               7E       7E        2         1

        CLASS   SFR0           

        CLASS   SFR1           

        CLASS   SFR2           

        CLASS   SFR3           

        CLASS   CONFIG         
                config                             2007     2007        2         4

        CLASS   IDLOC          

        CLASS   EEDATA         



SEGMENTS        Name                           Load    Length   Top    Selector   Space  Class     Delta

                reset_vec                      000000  000003  000003         0       0  CODE        2
                strings                        000003  000077  00007A         6       0  STRING      2
                cstackBANK0                    000020  00000F  00002F        20       1  BANK0       1
                cstackCOMMON                   000070  00000E  00007E        70       1  COMMON      1
                text10                         00036F  000007  000376       6DE       0  CODE        2
                text9                          000376  000013  000389       6EC       0  CODE        2
                text18                         000389  000016  00039F       712       0  CODE        2
                text14                         00039F  000019  0003B8       73E       0  CODE        2
                text16                         0003B8  00001B  0003D3       770       0  CODE        2
                text17                         0003D3  000022  0003F5       7A6       0  CODE        2
                text12                         0003F5  000022  000417       7EA       0  CODE        2
                text6                          000417  000025  00043C       82E       0  CODE        2
                text5                          00043C  00002E  00046A       878       0  CODE        2
                text4                          00046A  00002E  000498       8D4       0  CODE        2
                text3                          000498  00002E  0004C6       930       0  CODE        2
                text2                          0004C6  00002E  0004F4       98C       0  CODE        2
                text1                          0004F4  00002E  000522       9E8       0  CODE        2
                text7                          000522  00003B  00055D       A44       0  CODE        2
                text13                         00055D  00003F  00059C       ABA       0  CODE        2
                text8                          00059C  000058  0005F4       B38       0  CODE        2
                text15                         0005F4  000060  000654       BE8       0  CODE        2
                text11                         000654  0000B4  000708       CA8       0  CODE        2
                maintext                       000708  0000F0  0007F8       E10       0  CODE        2
                cinit                          0007F8  000008  000800       FF0       0  CODE        2


UNUSED ADDRESS RANGES

        Name                Unused          Largest block    Delta
        BANK0            002F-006F             41           1
        BANK1            00A0-00EF             50           1
        BANK2            0110-016F             60           1
        BANK3            0190-01EF             60           1
        CODE             007A-036E            2F5           2
                         0800-1FFF            800
        CONST            007A-036E            100           2
                         0800-1FFF            100
        EEDATA           2100-21FF            100           2
        ENTRY            007A-036E            100           2
                         0800-1FFF            100
        IDLOC            2000-2003              4           2
        RAM              002F-006F             41           1
                         00A0-00EF             50
                         0110-016F             60
                         0190-01EF             60
        SFR0             0000-001F             20           1
        SFR1             0080-009F             20           1
        SFR2             0100-010F             10           1
        SFR3             0180-018F             10           1
        STACK            0110-016F             60           1
        STRCODE          007A-036E            2F5           2
                         0800-1FFF           1800
        STRING           007A-036E            100           2
                         0800-1FFF            100

                                  Symbol Table

Lcd_Cmd@a                         cstackCOMMON 0073
Lcd_Port@a                        cstackCOMMON 0070
Lcd_Set_Cursor@a                  cstackCOMMON 0077
Lcd_Set_Cursor@b                  cstackCOMMON 0074
Lcd_Set_Cursor@temp               cstackCOMMON 007A
Lcd_Set_Cursor@y                  cstackCOMMON 0079
Lcd_Set_Cursor@z                  cstackCOMMON 0078
Lcd_Write_Char@a                  cstackCOMMON 0074
Lcd_Write_Char@temp               cstackCOMMON 0072
Lcd_Write_Char@y                  cstackCOMMON 0073
Lcd_Write_String@a                cstackCOMMON 0077
Lcd_Write_String@i                cstackCOMMON 0075
_ADCInit                          text18       0389
_ADCON0                           (abs)        001F
_ADCON1                           (abs)        009F
_ADCRead                          text11       0654
_ADIF                             (abs)        0066
_ADON                             (abs)        00F8
_ADRES                            bssBANK0     002D
_ADRESH                           (abs)        001E
_ADRESL                           (abs)        009E
_CHS0                             (abs)        00FA
_CHS1                             (abs)        00FB
_CHS2                             (abs)        00FC
_GO                               (abs)        00F9
_Lcd_Clear                        text9        0376
_Lcd_Cmd                          text16       03B8
_Lcd_Init                         text15       05F4
_Lcd_Port                         text17       03D3
_Lcd_Set_Cursor                   text8        059C
_Lcd_Write_Char                   text7        0522
_Lcd_Write_String                 text6        0417
_OPTION_REG                       (abs)        0081
_OSCCON                           (abs)        008F
_PORTA                            (abs)        0005
_PORTB                            (abs)        0006
_PORTD                            (abs)        0008
_RB0                              (abs)        0030
_RB1                              (abs)        0031
_RB2                              (abs)        0032
_RD0                              (abs)        0040
_RD1                              (abs)        0041
_RD2                              (abs)        0042
_RD4                              (abs)        0044
_RD5                              (abs)        0045
_RD6                              (abs)        0046
_RD7                              (abs)        0047
_TMR0                             (abs)        0001
_TRISA                            (abs)        0085
_TRISB                            (abs)        0086
_TRISD                            (abs)        0088
__Habs1                           abs1         0000
__Hbank0                          bank0        0000
__Hbank1                          bank1        0000
__Hbank2                          bank2        0000
__Hbank3                          bank3        0000
__HbssBANK0                       bssBANK0     0000
__Hcinit                          cinit        0800
__Hclrtext                        clrtext      0000
__Hcode                           code         0000
__Hcommon                         common       0000
__Hconfig                         config       2009
__HcstackBANK0                    cstackBANK0  0000
__HcstackCOMMON                   cstackCOMMON 0000
__Heeprom_data                    eeprom_data  0000
__Hend_init                       end_init     0003
__Hfunctab                        functab      0000
__Hinit                           init         0000
__Hintentry                       intentry     0000
__Hmaintext                       maintext     0000
__Hpowerup                        powerup      0000
__Hram                            ram          0000
__Hreset_vec                      reset_vec    0000
__Hsfr0                           sfr0         0000
__Hsfr1                           sfr1         0000
__Hsfr2                           sfr2         0000
__Hsfr3                           sfr3         0000
__Hspace_0                        (abs)        0800
__Hspace_1                        (abs)        007E
__Hspace_2                        (abs)        0000
__Hspace_3                        (abs)        0000
__Hspace_4                        (abs)        4010
__Hstack                          stack        0000
__Hstrings                        strings      0000
__Htext                           text         0000
__Labs1                           abs1         0000
__Lbank0                          bank0        0000
__Lbank1                          bank1        0000
__Lbank2                          bank2        0000
__Lbank3                          bank3        0000
__LbssBANK0                       bssBANK0     0000
__Lcinit                          cinit        07F8
__Lclrtext                        clrtext      0000
__Lcode                           code         0000
__Lcommon                         common       0000
__Lconfig                         config       0000
__LcstackBANK0                    cstackBANK0  0000
__LcstackCOMMON                   cstackCOMMON 0000
__Leeprom_data                    eeprom_data  0000
__Lend_init                       end_init     0000
__Lfunctab                        functab      0000
__Linit                           init         0000
__Lintentry                       intentry     0000
__Lmaintext                       maintext     0000
__Lpowerup                        powerup      0000
__Lram                            ram          0000
__Lreset_vec                      reset_vec    0000
__Lsfr0                           sfr0         0000
__Lsfr1                           sfr1         0000
__Lsfr2                           sfr2         0000
__Lsfr3                           sfr3         0000
__Lspace_0                        (abs)        0000
__Lspace_1                        (abs)        0000
__Lspace_2                        (abs)        0000
__Lspace_3                        (abs)        0000
__Lspace_4                        (abs)        0000
__Lstack                          stack        0000
__Lstrings                        strings      0000
__Ltext                           text         0000
__S0                              (abs)        0800
__S1                              (abs)        007E
__S2                              (abs)        0000
__S3                              (abs)        0000
___int_sp                         stack        0000
___latbits                        (abs)        0002
___sp                             stack        0000
___stackhi                        (abs)        0000
___stacklo                        (abs)        0000
__end_of_ADCInit                  text18       039F
__end_of_ADCRead                  text11       0708
__end_of_Lcd_Clear                text9        0389
__end_of_Lcd_Cmd                  text16       03D3
__end_of_Lcd_Init                 text15       0654
__end_of_Lcd_Port                 text17       03F5
__end_of_Lcd_Set_Cursor           text8        05F4
__end_of_Lcd_Write_Char           text7        055D
__end_of_Lcd_Write_String         text6        043C
__end_of__initialization          cinit        07FC
__end_of__stringtab               strings      0009
__end_of_canal0                   text12       0417
__end_of_delay_ms                 text13       059C
__end_of_iniciarPullUp            text14       03B8
__end_of_main                     maintext     07F8
__end_of_medirVoltajeDC           text10       0376
__end_of_mostrarError             text5        046A
__end_of_printMenu                text4        0498
__end_of_seleccionarMultimetroAC  text3        04C6
__end_of_seleccionarMultimetroDC  text2        04F4
__end_of_seleccionarTemperatura   text1        0522
__initialization                  cinit        07F8
__pbssBANK0                       bssBANK0     002D
__pcstackBANK0                    cstackBANK0  0020
__pcstackCOMMON                   cstackCOMMON 0070
__pmaintext                       maintext     0708
__pstrings                        strings      0003
__ptext1                          text1        04F4
__ptext10                         text10       036F
__ptext11                         text11       0654
__ptext12                         text12       03F5
__ptext13                         text13       055D
__ptext14                         text14       039F
__ptext15                         text15       05F4
__ptext16                         text16       03B8
__ptext17                         text17       03D3
__ptext18                         text18       0389
__ptext2                          text2        04C6
__ptext3                          text3        0498
__ptext4                          text4        046A
__ptext5                          text5        043C
__ptext6                          text6        0417
__ptext7                          text7        0522
__ptext8                          text8        059C
__ptext9                          text9        0376
__size_of_ADCInit                 (abs)        0000
__size_of_ADCRead                 (abs)        0000
__size_of_Lcd_Clear               (abs)        0000
__size_of_Lcd_Cmd                 (abs)        0000
__size_of_Lcd_Init                (abs)        0000
__size_of_Lcd_Port                (abs)        0000
__size_of_Lcd_Set_Cursor          (abs)        0000
__size_of_Lcd_Write_Char          (abs)        0000
__size_of_Lcd_Write_String        (abs)        0000
__size_of_canal0                  (abs)        0000
__size_of_delay_ms                (abs)        0000
__size_of_iniciarPullUp           (abs)        0000
__size_of_main                    (abs)        0000
__size_of_medirVoltajeDC          (abs)        0000
__size_of_mostrarError            (abs)        0000
__size_of_printMenu               (abs)        0000
__size_of_seleccionarMultimetroAC (abs)        0000
__size_of_seleccionarMultimetroDC (abs)        0000
__size_of_seleccionarTemperatura  (abs)        0000
__stringbase                      strings      0008
__stringtab                       strings      0003
_canal0                           text12       03F5
_delay_ms                         text13       055D
_iniciarPullUp                    text14       039F
_main                             maintext     0708
_medirVoltajeDC                   text10       036F
_mostrarError                     text5        043C
_printMenu                        text4        046A
_seleccionarMultimetroAC          text3        0498
_seleccionarMultimetroDC          text2        04C6
_seleccionarTemperatura           text1        04F4
btemp                             (abs)        007E
canal0@z                          cstackCOMMON 007A
delay_ms@i                        cstackCOMMON 0076
delay_ms@time                     cstackCOMMON 0070
end_of_initialization             cinit        07FC
intlevel0                         functab      0000
intlevel1                         functab      0000
intlevel2                         functab      0000
intlevel3                         functab      0000
intlevel4                         functab      0000
intlevel5                         functab      0000
main@a                            cstackBANK0  0027
main@b                            cstackBANK0  0029
main@c                            cstackBANK0  002B
main@flag                         cstackBANK0  0025
reset_vec                         reset_vec    0000
start                             init         0000
start_initialization              cinit        07F8
wtemp0                            (abs)        007E


FUNCTION INFORMATION:

 *************** function _main *****************
 Defined at:
		line 26 in file "main.c"
 Parameters:    Size  Location     Type
		None
 Auto vars:     Size  Location     Type
  c               2   11[BANK0 ] int 
  b               2    9[BANK0 ] int 
  a               2    7[BANK0 ] int 
  flag            2    5[BANK0 ] int 
  i               2    0        int 
 Return value:  Size  Location     Type
                  2   87[None  ] int 
 Registers used:
		wreg, fsr0l, fsr0h, status,2, status,0, btemp+1, pclath, cstack
 Tracked objects:
		On entry : 
		On exit  : 
		Unchanged: 
 Data sizes:     COMMON   BANK0   BANK1   BANK3   BANK2
      Params:         0       0       0       0       0
      Locals:         0      10       0       0       0
      Temps:          0       0       0       0       0
      Totals:         0      10       0       0       0
Total ram usage:       10 bytes
 Hardware stack levels required when called:    4
 This function calls:
		_ADCInit
		_Lcd_Clear
		_Lcd_Init
		_Lcd_Set_Cursor
		_Lcd_Write_String
		_delay_ms
		_iniciarPullUp
		_medirVoltajeDC
		_mostrarError
		_printMenu
		_seleccionarMultimetroAC
		_seleccionarMultimetroDC
		_seleccionarTemperatura
 This function is called by:
		Startup code after reset
 This function uses a non-reentrant model


 *************** function _seleccionarTemperatura *****************
 Defined at:
		line 56 in file "config.c"
 Parameters:    Size  Location     Type
		None
 Auto vars:     Size  Location     Type
		None
 Return value:  Size  Location     Type
                  1    wreg      void 
 Registers used:
		wreg, fsr0l, fsr0h, status,2, status,0, pclath, cstack
 Tracked objects:
		On entry : 
		On exit  : 
		Unchanged: 
 Data sizes:     COMMON   BANK0   BANK1   BANK3   BANK2
      Params:         0       0       0       0       0
      Locals:         0       0       0       0       0
      Temps:          3       0       0       0       0
      Totals:         3       0       0       0       0
Total ram usage:        3 bytes
 Hardware stack levels used:    1
 Hardware stack levels required when called:    3
 This function calls:
		_Lcd_Clear
		_Lcd_Set_Cursor
		_Lcd_Write_String
 This function is called by:
		_main
 This function uses a non-reentrant model


 *************** function _seleccionarMultimetroDC *****************
 Defined at:
		line 38 in file "config.c"
 Parameters:    Size  Location     Type
		None
 Auto vars:     Size  Location     Type
		None
 Return value:  Size  Location     Type
                  1    wreg      void 
 Registers used:
		wreg, fsr0l, fsr0h, status,2, status,0, pclath, cstack
 Tracked objects:
		On entry : 
		On exit  : 
		Unchanged: 
 Data sizes:     COMMON   BANK0   BANK1   BANK3   BANK2
      Params:         0       0       0       0       0
      Locals:         0       0       0       0       0
      Temps:          3       0       0       0       0
      Totals:         3       0       0       0       0
Total ram usage:        3 bytes
 Hardware stack levels used:    1
 Hardware stack levels required when called:    3
 This function calls:
		_Lcd_Clear
		_Lcd_Set_Cursor
		_Lcd_Write_String
 This function is called by:
		_main
 This function uses a non-reentrant model


 *************** function _seleccionarMultimetroAC *****************
 Defined at:
		line 47 in file "config.c"
 Parameters:    Size  Location     Type
		None
 Auto vars:     Size  Location     Type
		None
 Return value:  Size  Location     Type
                  1    wreg      void 
 Registers used:
		wreg, fsr0l, fsr0h, status,2, status,0, pclath, cstack
 Tracked objects:
		On entry : 
		On exit  : 
		Unchanged: 
 Data sizes:     COMMON   BANK0   BANK1   BANK3   BANK2
      Params:         0       0       0       0       0
      Locals:         0       0       0       0       0
      Temps:          3       0       0       0       0
      Totals:         3       0       0       0       0
Total ram usage:        3 bytes
 Hardware stack levels used:    1
 Hardware stack levels required when called:    3
 This function calls:
		_Lcd_Clear
		_Lcd_Set_Cursor
		_Lcd_Write_String
 This function is called by:
		_main
 This function uses a non-reentrant model


 *************** function _printMenu *****************
 Defined at:
		line 29 in file "config.c"
 Parameters:    Size  Location     Type
		None
 Auto vars:     Size  Location     Type
		None
 Return value:  Size  Location     Type
                  1    wreg      void 
 Registers used:
		wreg, fsr0l, fsr0h, status,2, status,0, pclath, cstack
 Tracked objects:
		On entry : 
		On exit  : 
		Unchanged: 
 Data sizes:     COMMON   BANK0   BANK1   BANK3   BANK2
      Params:         0       0       0       0       0
      Locals:         0       0       0       0       0
      Temps:          3       0       0       0       0
      Totals:         3       0       0       0       0
Total ram usage:        3 bytes
 Hardware stack levels used:    1
 Hardware stack levels required when called:    3
 This function calls:
		_Lcd_Clear
		_Lcd_Set_Cursor
		_Lcd_Write_String
 This function is called by:
		_main
 This function uses a non-reentrant model


 *************** function _mostrarError *****************
 Defined at:
		line 66 in file "config.c"
 Parameters:    Size  Location     Type
		None
 Auto vars:     Size  Location     Type
		None
 Return value:  Size  Location     Type
                  1    wreg      void 
 Registers used:
		wreg, fsr0l, fsr0h, status,2, status,0, pclath, cstack
 Tracked objects:
		On entry : 
		On exit  : 
		Unchanged: 
 Data sizes:     COMMON   BANK0   BANK1   BANK3   BANK2
      Params:         0       0       0       0       0
      Locals:         0       0       0       0       0
      Temps:          3       0       0       0       0
      Totals:         3       0       0       0       0
Total ram usage:        3 bytes
 Hardware stack levels used:    1
 Hardware stack levels required when called:    3
 This function calls:
		_Lcd_Clear
		_Lcd_Set_Cursor
		_Lcd_Write_String
 This function is called by:
		_main
 This function uses a non-reentrant model


 *************** function _Lcd_Write_String *****************
 Defined at:
		line 129 in file "lcd.c"
 Parameters:    Size  Location     Type
  a               1    wreg     PTR unsigned char 
		 -> STR_11(8), STR_10(16), STR_9(15), STR_8(16), 
		 -> STR_7(15), STR_6(16), STR_5(15), STR_4(16), 
		 -> STR_3(17), STR_2(15), STR_1(11), 
 Auto vars:     Size  Location     Type
  a               1    7[COMMON] PTR unsigned char 
		 -> STR_11(8), STR_10(16), STR_9(15), STR_8(16), 
		 -> STR_7(15), STR_6(16), STR_5(15), STR_4(16), 
		 -> STR_3(17), STR_2(15), STR_1(11), 
  i               2    5[COMMON] int 
 Return value:  Size  Location     Type
                  1    wreg      void 
 Registers used:
		wreg, fsr0l, fsr0h, status,2, status,0, pclath, cstack
 Tracked objects:
		On entry : 
		On exit  : 
		Unchanged: 
 Data sizes:     COMMON   BANK0   BANK1   BANK3   BANK2
      Params:         0       0       0       0       0
      Locals:         3       0       0       0       0
      Temps:          0       0       0       0       0
      Totals:         3       0       0       0       0
Total ram usage:        3 bytes
 Hardware stack levels used:    1
 Hardware stack levels required when called:    2
 This function calls:
		_Lcd_Write_Char
 This function is called by:
		_main
		_printMenu
		_seleccionarMultimetroDC
		_seleccionarMultimetroAC
		_seleccionarTemperatura
		_mostrarError
 This function uses a non-reentrant model


 *************** function _Lcd_Write_Char *****************
 Defined at:
		line 112 in file "lcd.c"
 Parameters:    Size  Location     Type
  a               1    wreg     unsigned char 
 Auto vars:     Size  Location     Type
  a               1    4[COMMON] unsigned char 
  y               1    3[COMMON] unsigned char 
  temp            1    2[COMMON] unsigned char 
 Return value:  Size  Location     Type
                  1    wreg      void 
 Registers used:
		wreg, status,2, status,0, pclath, cstack
 Tracked objects:
		On entry : 
		On exit  : 
		Unchanged: 
 Data sizes:     COMMON   BANK0   BANK1   BANK3   BANK2
      Params:         0       0       0       0       0
      Locals:         3       0       0       0       0
      Temps:          1       0       0       0       0
      Totals:         4       0       0       0       0
Total ram usage:        4 bytes
 Hardware stack levels used:    1
 Hardware stack levels required when called:    1
 This function calls:
		_Lcd_Port
 This function is called by:
		_Lcd_Write_String
 This function uses a non-reentrant model


 *************** function _Lcd_Set_Cursor *****************
 Defined at:
		line 74 in file "lcd.c"
 Parameters:    Size  Location     Type
  a               1    wreg     unsigned char 
  b               1    4[COMMON] unsigned char 
 Auto vars:     Size  Location     Type
  a               1    7[COMMON] unsigned char 
  temp            1   10[COMMON] unsigned char 
  y               1    9[COMMON] unsigned char 
  z               1    8[COMMON] unsigned char 
 Return value:  Size  Location     Type
                  1    wreg      void 
 Registers used:
		wreg, status,2, status,0, pclath, cstack
 Tracked objects:
		On entry : 
		On exit  : 
		Unchanged: 
 Data sizes:     COMMON   BANK0   BANK1   BANK3   BANK2
      Params:         1       0       0       0       0
      Locals:         4       0       0       0       0
      Temps:          2       0       0       0       0
      Totals:         7       0       0       0       0
Total ram usage:        7 bytes
 Hardware stack levels used:    1
 Hardware stack levels required when called:    2
 This function calls:
		_Lcd_Cmd
 This function is called by:
		_main
		_printMenu
		_seleccionarMultimetroDC
		_seleccionarMultimetroAC
		_seleccionarTemperatura
		_mostrarError
 This function uses a non-reentrant model


 *************** function _Lcd_Clear *****************
 Defined at:
		line 67 in file "lcd.c"
 Parameters:    Size  Location     Type
		None
 Auto vars:     Size  Location     Type
		None
 Return value:  Size  Location     Type
                  1    wreg      void 
 Registers used:
		wreg, status,2, status,0, pclath, cstack
 Tracked objects:
		On entry : 
		On exit  : 
		Unchanged: 
 Data sizes:     COMMON   BANK0   BANK1   BANK3   BANK2
      Params:         0       0       0       0       0
      Locals:         0       0       0       0       0
      Temps:          0       0       0       0       0
      Totals:         0       0       0       0       0
Total ram usage:        0 bytes
 Hardware stack levels used:    1
 Hardware stack levels required when called:    2
 This function calls:
		_Lcd_Cmd
 This function is called by:
		_main
		_printMenu
		_seleccionarMultimetroDC
		_seleccionarMultimetroAC
		_seleccionarTemperatura
		_mostrarError
 This function uses a non-reentrant model


 *************** function _medirVoltajeDC *****************
 Defined at:
		line 75 in file "config.c"
 Parameters:    Size  Location     Type
		None
 Auto vars:     Size  Location     Type
  val             2    0        unsigned int 
 Return value:  Size  Location     Type
                  1    wreg      void 
 Registers used:
		wreg, status,2, status,0, btemp+1, pclath, cstack
 Tracked objects:
		On entry : 
		On exit  : 
		Unchanged: 
 Data sizes:     COMMON   BANK0   BANK1   BANK3   BANK2
      Params:         0       0       0       0       0
      Locals:         2       0       0       0       0
      Temps:          0       0       0       0       0
      Totals:         2       0       0       0       0
Total ram usage:        2 bytes
 Hardware stack levels used:    1
 Hardware stack levels required when called:    3
 This function calls:
		_ADCRead
 This function is called by:
		_main
 This function uses a non-reentrant model


 *************** function _ADCRead *****************
 Defined at:
		line 101 in file "config.c"
 Parameters:    Size  Location     Type
  channel         1    wreg     unsigned char 
 Auto vars:     Size  Location     Type
  channel         1    0[COMMON] unsigned char 
 Return value:  Size  Location     Type
                  2    0[BANK0 ] unsigned int 
 Registers used:
		wreg, status,2, status,0, btemp+1, pclath, cstack
 Tracked objects:
		On entry : 
		On exit  : 
		Unchanged: 
 Data sizes:     COMMON   BANK0   BANK1   BANK3   BANK2
      Params:         0       3       0       0       0
      Locals:         0       0       0       0       0
      Temps:          0       0       0       0       0
      Totals:         0       3       0       0       0
Total ram usage:        3 bytes
 Hardware stack levels used:    1
 Hardware stack levels required when called:    2
 This function calls:
		_canal0
 This function is called by:
		_medirVoltajeDC
 This function uses a non-reentrant model


 *************** function _canal0 *****************
 Defined at:
		line 142 in file "config.c"
 Parameters:    Size  Location     Type
  z               2   10[COMMON] int 
 Auto vars:     Size  Location     Type
		None
 Return value:  Size  Location     Type
                  1    wreg      void 
 Registers used:
		wreg, status,2, status,0, btemp+1, pclath, cstack
 Tracked objects:
		On entry : 
		On exit  : 
		Unchanged: 
 Data sizes:     COMMON   BANK0   BANK1   BANK3   BANK2
      Params:         2       0       0       0       0
      Locals:         0       0       0       0       0
      Temps:          0       0       0       0       0
      Totals:         2       0       0       0       0
Total ram usage:        2 bytes
 Hardware stack levels used:    1
 Hardware stack levels required when called:    1
 This function calls:
		_delay_ms
 This function is called by:
		_ADCRead
 This function uses a non-reentrant model


 *************** function _delay_ms *****************
 Defined at:
		line 124 in file "config.c"
 Parameters:    Size  Location     Type
  time            2    0[COMMON] int 
 Auto vars:     Size  Location     Type
  i               4    6[COMMON] long 
 Return value:  Size  Location     Type
                  1    wreg      void 
 Registers used:
		wreg, status,2, status,0, btemp+1
 Tracked objects:
		On entry : 
		On exit  : 
		Unchanged: 
 Data sizes:     COMMON   BANK0   BANK1   BANK3   BANK2
      Params:         2       0       0       0       0
      Locals:         4       0       0       0       0
      Temps:          4       0       0       0       0
      Totals:        10       0       0       0       0
Total ram usage:       10 bytes
 Hardware stack levels used:    1
 This function calls:
		Nothing
 This function is called by:
		_main
		_canal0
 This function uses a non-reentrant model


 *************** function _iniciarPullUp *****************
 Defined at:
		line 81 in file "config.c"
 Parameters:    Size  Location     Type
		None
 Auto vars:     Size  Location     Type
		None
 Return value:  Size  Location     Type
                  1    wreg      void 
 Registers used:
		wreg, status,2
 Tracked objects:
		On entry : 
		On exit  : 
		Unchanged: 
 Data sizes:     COMMON   BANK0   BANK1   BANK3   BANK2
      Params:         0       0       0       0       0
      Locals:         0       0       0       0       0
      Temps:          0       0       0       0       0
      Totals:         0       0       0       0       0
Total ram usage:        0 bytes
 Hardware stack levels used:    1
 This function calls:
		Nothing
 This function is called by:
		_main
 This function uses a non-reentrant model


 *************** function _Lcd_Init *****************
 Defined at:
		line 93 in file "lcd.c"
 Parameters:    Size  Location     Type
		None
 Auto vars:     Size  Location     Type
		None
 Return value:  Size  Location     Type
                  1    wreg      void 
 Registers used:
		wreg, status,2, status,0, pclath, cstack
 Tracked objects:
		On entry : 
		On exit  : 
		Unchanged: 
 Data sizes:     COMMON   BANK0   BANK1   BANK3   BANK2
      Params:         0       0       0       0       0
      Locals:         0       0       0       0       0
      Temps:          2       0       0       0       0
      Totals:         2       0       0       0       0
Total ram usage:        2 bytes
 Hardware stack levels used:    1
 Hardware stack levels required when called:    2
 This function calls:
		_Lcd_Cmd
		_Lcd_Port
 This function is called by:
		_main
 This function uses a non-reentrant model


 *************** function _Lcd_Cmd *****************
 Defined at:
		line 58 in file "lcd.c"
 Parameters:    Size  Location     Type
  a               1    wreg     unsigned char 
 Auto vars:     Size  Location     Type
  a               1    3[COMMON] unsigned char 
 Return value:  Size  Location     Type
                  1    wreg      void 
 Registers used:
		wreg, status,2, status,0, pclath, cstack
 Tracked objects:
		On entry : 
		On exit  : 
		Unchanged: 
 Data sizes:     COMMON   BANK0   BANK1   BANK3   BANK2
      Params:         0       0       0       0       0
      Locals:         1       0       0       0       0
      Temps:          2       0       0       0       0
      Totals:         3       0       0       0       0
Total ram usage:        3 bytes
 Hardware stack levels used:    1
 Hardware stack levels required when called:    1
 This function calls:
		_Lcd_Port
 This function is called by:
		_Lcd_Clear
		_Lcd_Set_Cursor
		_Lcd_Init
 This function uses a non-reentrant model


 *************** function _Lcd_Port *****************
 Defined at:
		line 36 in file "lcd.c"
 Parameters:    Size  Location     Type
  a               1    wreg     unsigned char 
 Auto vars:     Size  Location     Type
  a               1    0[COMMON] unsigned char 
 Return value:  Size  Location     Type
                  1    wreg      void 
 Registers used:
		wreg
 Tracked objects:
		On entry : 
		On exit  : 
		Unchanged: 
 Data sizes:     COMMON   BANK0   BANK1   BANK3   BANK2
      Params:         0       0       0       0       0
      Locals:         1       0       0       0       0
      Temps:          0       0       0       0       0
      Totals:         1       0       0       0       0
Total ram usage:        1 bytes
 Hardware stack levels used:    1
 This function calls:
		Nothing
 This function is called by:
		_Lcd_Cmd
		_Lcd_Init
		_Lcd_Write_Char
 This function uses a non-reentrant model


 *************** function _ADCInit *****************
 Defined at:
		line 91 in file "config.c"
 Parameters:    Size  Location     Type
		None
 Auto vars:     Size  Location     Type
		None
 Return value:  Size  Location     Type
                  1    wreg      void 
 Registers used:
		wreg, status,2
 Tracked objects:
		On entry : 
		On exit  : 
		Unchanged: 
 Data sizes:     COMMON   BANK0   BANK1   BANK3   BANK2
      Params:         0       0       0       0       0
      Locals:         0       0       0       0       0
      Temps:          0       0       0       0       0
      Totals:         0       0       0       0       0
Total ram usage:        0 bytes
 Hardware stack levels used:    1
 This function calls:
		Nothing
 This function is called by:
		_main
 This function uses a non-reentrant model



MODULE INFORMATION

Module		Function		Class		Link	Load	Size
config.c
		_mostrarError  		CODE           	043C	0000	46
		_ADCInit       		CODE           	0389	0000	22
		_canal0        		CODE           	03F5	0000	34
		_medirVoltajeDC		CODE           	036F	0000	7
		_seleccionarTemperatura		CODE           	04F4	0000	46
		_iniciarPullUp 		CODE           	039F	0000	25
		_printMenu     		CODE           	046A	0000	46
		_ADCRead       		CODE           	0654	0000	180
		_delay_ms      		CODE           	055D	0000	63
		_seleccionarMultimetroAC		CODE           	0498	0000	46
		_seleccionarMultimetroDC		CODE           	04C6	0000	46

config.c estimated size: 561

shared
		__stringtab    		STRING         	0003	0000	6
		__initialization		CODE           	07F8	0000	4

shared estimated size: 10

lcd.c
		_Lcd_Write_String		CODE           	0417	0000	37
		_Lcd_Init      		CODE           	05F4	0000	96
		_Lcd_Write_Char		CODE           	0522	0000	59
		_Lcd_Cmd       		CODE           	03B8	0000	27
		_Lcd_Set_Cursor		CODE           	059C	0000	88
		_Lcd_Clear     		CODE           	0376	0000	19
		_Lcd_Port      		CODE           	03D3	0000	34

lcd.c estimated size: 360

main.c
		_main          		CODE           	0708	0000	240

main.c estimated size: 240

